# Copyright 2023 SkyAPM org
#
# Licensed under the Apache License, Version 2.0 (the "License");
# you may not use this file except in compliance with the License.
# You may obtain a copy of the License at
#
# http://www.apache.org/licenses/LICENSE-2.0
#
# Unless required by applicable law or agreed to in writing, software
# distributed under the License is distributed on an "AS IS" BASIS,
# WITHOUT WARRANTIES OR CONDITIONS OF ANY KIND, either express or implied.
# See the License for the specific language governing permissions and
# limitations under the License.

patterns:
    - /api/v1/accounts/{var}
    - /api/v1/invoices/{var}
    - /api/v1/orders/{var}
    - /api/v1/posts/{var}
    - /api/v1/products/{var}
    - /api/v1/users/{var}
    - /api/v2/data/users/{var}
    - /api/v999/orders/{var}
    - /product/{var}
    - /user/{var}
    - /user/{var}/post/{var}
    - /user/{var}/profile/{var}/compare/{var}/profile/{var}
    - GET:/api/v1/users/{var}
    - http://www.google.com/api/v1/users/{var}
    - https://www.google.com/api/v1/users/{var}
version: '1'