# Copyright 2023 SkyAPM org
#
# Licensed under the Apache License, Version 2.0 (the "License");
# you may not use this file except in compliance with the License.
# You may obtain a copy of the License at
#
# http://www.apache.org/licenses/LICENSE-2.0
#
# Unless required by applicable law or agreed to in writing, software
# distributed under the License is distributed on an "AS IS" BASIS,
# WITHOUT WARRANTIES OR CONDITIONS OF ANY KIND, either express or implied.
# See the License for the specific language governing permissions and
# limitations under the License.

patterns:
    - /api/v1/bills/{var}
    - /api/v1/companies/{var}
    - /api/v1/projects/{var}
    - /api/v1/services/{var}
    - /api/v1/users/{var}/posts/{var}/comments
    - /api/v1/wallets/{var}
    - /api/v2/admin/users/{var}
    - /api/v2/courses/{var}/modules/{var}/lessons
    - /api/v2/customers/{var}
    - /api/v3/products/{var}/reviews/{var}/comments
    - /api/v4/orders/{var}/items/{var}/tracking
    - /customer/{var}
    - /customer/{var}/order/{var}
    - ABC/{var}
    - www.google.com/api/v1/users/{var}
version: '1'